src/app/(dashboard)/analytics/export-preview/professional-pdf.tsx(6,30): error TS2307: Cannot find module './page' or its corresponding type declarations.
src/app/(dashboard)/analytics/export-preview/simple-pdf.tsx(13,30): error TS2307: Cannot find module './page' or its corresponding type declarations.
src/app/(dashboard)/documents/[id]/page.tsx(7,37): error TS2307: Cannot find module 'date-fns' or its corresponding type declarations.
src/app/(dashboard)/documents/page.tsx(385,55): error TS2339: Property 'full_name' does not exist on type 'User'.
src/app/(dashboard)/documents/page.tsx(385,74): error TS2339: Property 'username' does not exist on type 'User'.
